// Jest Snapshot v1, https://goo.gl/fbAQLP

exports[`components/Chip/Chip.tsx renders with defaults 1`] = `
<DocumentFragment>
  <span
    class="rounded-3 font-semibold outline-none focus-visible:shadow-chip transition-colors duration-default bg-primary-100 border-primary-200 border-1 px-xs py-xxs text-body-small"
  >
    Chip
  </span>
</DocumentFragment>
`;
