// Jest Snapshot v1, https://goo.gl/fbAQLP

exports[`CardLink renders with defaults 1`] = `
<DocumentFragment>
  <a
    class="block rounded-3 hover:shadow-3 focus-visible:outline focus-visible:outline-2 focus-visible:outline-teal-500 cursor-pointer transition duration-default bg-white shadow-1"
    href="https://morningconsult.com/"
  >
    test card
  </a>
</DocumentFragment>
`;
